  Determinando os projetos a serem restaurados...
  Todos os projetos est├úo atualizados para restaura├º├úo.
D:\ONI\Oxygen_Not_Included_Multiplayer\ClassLibrary1\Networking\Packets\ChoreAssignmentPacket.cs(42,3): warning CS0162: C├│digo inacess├¡vel detectado [D:\ONI\Oxygen_Not_Included_Multiplayer\ClassLibrary1\ONI_MP.csproj]
D:\ONI\Oxygen_Not_Included_Multiplayer\ClassLibrary1\Patches\World\SideScreenPatches.cs(1186,24): error CS1061: ÔÇÿRefrigeratorÔÇÖ n├úo cont├®m uma defini├º├úo para "SpicedFoodOnly" e n├úo foi poss├¡vel encontrar nenhum m├®todo de extens├úo "SpicedFoodOnly" que aceite um primeiro argumento do tipo ÔÇÿRefrigeratorÔÇÖ (voc├¬ est├í se esquecendo de usar uma diretiva ou uma refer├¬ncia de assembly?) [D:\ONI\Oxygen_Not_Included_Multiplayer\ClassLibrary1\ONI_MP.csproj]
D:\ONI\Oxygen_Not_Included_Multiplayer\ClassLibrary1\DebugTools\DebugMenu.cs(107,21): warning CS0168: A vari├ível "e" est├í declarada, mas nunca ├® usada [D:\ONI\Oxygen_Not_Included_Multiplayer\ClassLibrary1\ONI_MP.csproj]
D:\ONI\Oxygen_Not_Included_Multiplayer\ClassLibrary1\Patches\ChoresPatches\ChoresPatch.cs(63,4): warning CS0162: C├│digo inacess├¡vel detectado [D:\ONI\Oxygen_Not_Included_Multiplayer\ClassLibrary1\ONI_MP.csproj]
D:\ONI\Oxygen_Not_Included_Multiplayer\ClassLibrary1\Networking\Packets\World\BuildingConfigPacket.cs(462,18): error CS1061: ÔÇÿRefrigeratorÔÇÖ n├úo cont├®m uma defini├º├úo para "SpicedFoodOnly" e n├úo foi poss├¡vel encontrar nenhum m├®todo de extens├úo "SpicedFoodOnly" que aceite um primeiro argumento do tipo ÔÇÿRefrigeratorÔÇÖ (voc├¬ est├í se esquecendo de usar uma diretiva ou uma refer├¬ncia de assembly?) [D:\ONI\Oxygen_Not_Included_Multiplayer\ClassLibrary1\ONI_MP.csproj]
D:\ONI\Oxygen_Not_Included_Multiplayer\ClassLibrary1\DebugTools\DebugMenu.cs(15,24): warning CS0169: O campo "DebugMenu.debugConsole" nunca ├® usado [D:\ONI\Oxygen_Not_Included_Multiplayer\ClassLibrary1\ONI_MP.csproj]
D:\ONI\Oxygen_Not_Included_Multiplayer\ClassLibrary1\DebugTools\DebugConsole.cs(15,25): warning CS0169: O campo "DebugConsole.scrollPos" nunca ├® usado [D:\ONI\Oxygen_Not_Included_Multiplayer\ClassLibrary1\ONI_MP.csproj]
D:\ONI\Oxygen_Not_Included_Multiplayer\ClassLibrary1\DebugTools\DevToolMultiplayer.cs(28,22): warning CS0414: O campo "DevToolMultiplayer.showRestartPrompt" ├® atribu├¡do, mas seu valor nunca ├® usado [D:\ONI\Oxygen_Not_Included_Multiplayer\ClassLibrary1\ONI_MP.csproj]

FALHA da compila├º├úo.

D:\ONI\Oxygen_Not_Included_Multiplayer\ClassLibrary1\Networking\Packets\ChoreAssignmentPacket.cs(42,3): warning CS0162: C├│digo inacess├¡vel detectado [D:\ONI\Oxygen_Not_Included_Multiplayer\ClassLibrary1\ONI_MP.csproj]
D:\ONI\Oxygen_Not_Included_Multiplayer\ClassLibrary1\DebugTools\DebugMenu.cs(107,21): warning CS0168: A vari├ível "e" est├í declarada, mas nunca ├® usada [D:\ONI\Oxygen_Not_Included_Multiplayer\ClassLibrary1\ONI_MP.csproj]
D:\ONI\Oxygen_Not_Included_Multiplayer\ClassLibrary1\Patches\ChoresPatches\ChoresPatch.cs(63,4): warning CS0162: C├│digo inacess├¡vel detectado [D:\ONI\Oxygen_Not_Included_Multiplayer\ClassLibrary1\ONI_MP.csproj]
D:\ONI\Oxygen_Not_Included_Multiplayer\ClassLibrary1\DebugTools\DebugMenu.cs(15,24): warning CS0169: O campo "DebugMenu.debugConsole" nunca ├® usado [D:\ONI\Oxygen_Not_Included_Multiplayer\ClassLibrary1\ONI_MP.csproj]
D:\ONI\Oxygen_Not_Included_Multiplayer\ClassLibrary1\DebugTools\DebugConsole.cs(15,25): warning CS0169: O campo "DebugConsole.scrollPos" nunca ├® usado [D:\ONI\Oxygen_Not_Included_Multiplayer\ClassLibrary1\ONI_MP.csproj]
D:\ONI\Oxygen_Not_Included_Multiplayer\ClassLibrary1\DebugTools\DevToolMultiplayer.cs(28,22): warning CS0414: O campo "DevToolMultiplayer.showRestartPrompt" ├® atribu├¡do, mas seu valor nunca ├® usado [D:\ONI\Oxygen_Not_Included_Multiplayer\ClassLibrary1\ONI_MP.csproj]
D:\ONI\Oxygen_Not_Included_Multiplayer\ClassLibrary1\Patches\World\SideScreenPatches.cs(1186,24): error CS1061: ÔÇÿRefrigeratorÔÇÖ n├úo cont├®m uma defini├º├úo para "SpicedFoodOnly" e n├úo foi poss├¡vel encontrar nenhum m├®todo de extens├úo "SpicedFoodOnly" que aceite um primeiro argumento do tipo ÔÇÿRefrigeratorÔÇÖ (voc├¬ est├í se esquecendo de usar uma diretiva ou uma refer├¬ncia de assembly?) [D:\ONI\Oxygen_Not_Included_Multiplayer\ClassLibrary1\ONI_MP.csproj]
D:\ONI\Oxygen_Not_Included_Multiplayer\ClassLibrary1\Networking\Packets\World\BuildingConfigPacket.cs(462,18): error CS1061: ÔÇÿRefrigeratorÔÇÖ n├úo cont├®m uma defini├º├úo para "SpicedFoodOnly" e n├úo foi poss├¡vel encontrar nenhum m├®todo de extens├úo "SpicedFoodOnly" que aceite um primeiro argumento do tipo ÔÇÿRefrigeratorÔÇÖ (voc├¬ est├í se esquecendo de usar uma diretiva ou uma refer├¬ncia de assembly?) [D:\ONI\Oxygen_Not_Included_Multiplayer\ClassLibrary1\ONI_MP.csproj]
    6 Aviso(s)
    2 Erro(s)

Tempo Decorrido 00:00:01.56
